// Jest Snapshot v1, https://goo.gl/fbAQLP

exports[`it retrieves the comment data and returns it 1`] = `
Array [
  Object {
    "by": "mettamage",
    "id": 27397733,
    "kids": Array [
      27397940,
      27397843,
      27398125,
      27398799,
    ],
    "parent": 27397208,
    "text": "You might want to add (obfuscated) to the title. The actual source code, while small, is much larger.",
    "time": 1622833637,
    "type": "comment",
  },
]
`;
